<html>
<body>
<pre>
<h1>µVision Build Log</h1>
<h2>Project:</h2>
C:\Users\duyhung\Documents\iot\ds1307-nokia5110-settime\MDK-ARM\ds1307-nokia5110-settime.uvprojx
Project File Date:  02/26/2018

<h2>Output:</h2>
Build target 'ds1307-nokia5110-settime'
compiling main.c...
linking...
Program Size: Code=11776 RO-data=772 RW-data=44 ZI-data=1372  
FromELF: creating hex file...
"ds1307-nokia5110-settime\ds1307-nokia5110-settime.axf" - 0 Error(s), 0 Warning(s).

<h2>Software Packages used:</h2>

Package Vendor: ARM
                http://www.keil.com/pack/ARM.CMSIS.4.1.0.pack
                ARM::CMSIS:CORE:3.30.0
                CMSIS (Cortex Microcontroller Software Interface Standard)
   * Component: CORE Version: 3.30.0

<h2>Collection of Component include folders:</h2>
  C:\Users\duyhung\Documents\iot\ds1307-nokia5110-settime\MDK-ARM\RTE
  C:\Keil_v5\ARM\PACK\ARM\CMSIS\4.1.0\CMSIS\Include

<h2>Collection of Component Files used:</h2>

   * Component: ARM::CMSIS:CORE:3.30.0
      Source file:   CMSIS\UserCodeTemplates\ARM\ITM_Retarget.c
Load "ds1307-nokia5110-settime\\ds1307-nokia5110-settime.axf" 
Erase Done.
Programming Done.
Verify OK.
Application running ...
</pre>
</body>
</html>
s incompatible with parameter of type "char *"
        rtcReadDate(&tmp_dd, &tmp_DD, &tmp_MM, &tmp_YY);
../Src/main.c(267): warning:  #167-D: argument of type "uint8_t *" is incompatible with parameter of type "char *"
        rtcReadDate(&tmp_dd, &tmp_DD, &tmp_MM, &tmp_YY);
../Src/main.c(269): warning:  #167-D: argument of type "uint8_t *" is incompatible with parameter of type "char *restrict"
                        sprintf(&on_hh, (tmp_hh <= 9) ? "0%d" : "%d", tmp_hh);
../Src/main.c(270): warning:  #167-D: argument of type "uint8_t *" is incompatible with parameter of type "char *restrict"
                        sprintf(&on_mm, (tmp_mm <= 9) ? "0%d" : "%d", tmp_mm);
../Src/main.c(271): warning:  #167-D: argument of type "uint8_t *" is incompatible with parameter of type "char *restrict"
                        sprintf(&on_ss, (tmp_ss <= 9) ? "0%d" : "%d", tmp_ss);
../Src/main.c: 10 warnings, 0 errors
linking...
Program Size: Code=11824 RO-data=772 RW-data=44 ZI-data=1372  
FromELF: creating hex file...
"ds1307-nokia5110-settime\ds1307-nokia5110-settime.axf" - 0 Error(s), 10 Warning(s).

<h2>Software Packages used:</h2>

Package Vendor: ARM
                http://www.keil.com/pack/ARM.CMSIS.4.1.0.pack
                ARM::CMSIS:CORE:3.30.0
                CMSIS (Cortex Microcontroller Software Interface Standard)
   * Component: CORE Version: 3.30.0

<h2>Collection of Component include folders:</h2>
  C:\Users\duyhung\Documents\iot\ds1307-nokia5110-settime\MDK-ARM\RTE
  C:\Keil_v5\ARM\PACK\ARM\CMSIS\4.1.0\CMSIS\Include

<h2>Collection of Component Files used:</h2>

   * Component: ARM::CMSIS:CORE:3.30.0
      Source file:   CMSIS\UserCodeTemplates\ARM\ITM_Retarget.c
Load "ds1307-nokia5110-settime\\ds1307-nokia5110-settime.axf" 
Erase Done.
Programming Done.
Verify OK.
Application running ...
