<html>
<body>
<pre>
<h1>µVision Build Log</h1>
<h2>Project:</h2>
C:\Users\duyhung\Documents\iot\ds1307-nokia5110\MDK-ARM\ds1307-nokia5110.uvprojx
Project File Date:  02/24/2018

<h2>Output:</h2>
Build target 'ds1307-nokia5110'
compiling nokia_5110.c...
linking...
Program Size: Code=7380 RO-data=772 RW-data=16 ZI-data=1304  
FromELF: creating hex file...
"ds1307-nokia5110\ds1307-nokia5110.axf" - 0 Error(s), 0 Warning(s).

<h2>Software Packages used:</h2>

Package Vendor: ARM
                http://www.keil.com/pack/ARM.CMSIS.4.1.0.pack
                ARM::CMSIS:CORE:3.30.0
                CMSIS (Cortex Microcontroller Software Interface Standard)
   * Component: CORE Version: 3.30.0

<h2>Collection of Component include folders:</h2>
  C:\Users\duyhung\Documents\iot\ds1307-nokia5110\MDK-ARM\RTE
  C:\Keil_v5\ARM\PACK\ARM\CMSIS\4.1.0\CMSIS\Include

<h2>Collection of Component Files used:</h2>

   * Component: ARM::CMSIS:CORE:3.30.0
      Source file:   CMSIS\UserCodeTemplates\ARM\ITM_Retarget.c
Load "ds1307-nokia5110\\ds1307-nokia5110.axf" 
Erase Done.
Programming Done.
Verify OK.
Application running ...
Load "ds1307-nokia5110\\ds1307-nokia5110.axf" 
Erase Done.
Programming Done.
Verify OK.
Application running ...
Load "ds1307-nokia5110\\ds1307-nokia5110.axf" 
Erase Done.
Programming Done.
Verify OK.
Application running ...
Load "ds1307-nokia5110\\ds1307-nokia5110.axf" 
Erase Done.
Programming Done.
Verify OK.
Application running ...
Load "ds1307-nokia5110\\ds1307-nokia5110.axf" 
Erase Done.
Programming Done.
Verify OK.
Application running ...
Load "ds1307-nokia5110\\ds1307-nokia5110.axf" 
Erase Done.
Programming Done.
Verify OK.
Application running ...
Load "ds1307-nokia5110\\ds1307-nokia5110.axf" 
Erase Done.
Programming Done.
Verify OK.
Application running ...
Load "ds1307-nokia5110\\ds1307-nokia5110.axf" 
Erase Done.
Programming Done.
Verify OK.
Application running ...
Load "ds1307-nokia5110\\ds1307-nokia5110.axf" 
Erase Done.
Programming Done.
Verify OK.
Application running ...
Load "ds1307-nokia5110\\ds1307-nokia5110.axf" 
Erase Done.
Programming Done.
Verify OK.
Application running ...
