<html>
<body>
<pre>
<h1>µVision Build Log</h1>
<h2>Project:</h2>
C:\Users\hanh\Documents\ARM_Topedu_class\201707-Teach-STM32F1\Bai5-ADCTemperatureSensor\MDK-ARM\Bai5-ADCTemperatureSensor.uvprojx
Project File Date:  08/02/2017

<h2>Output:</h2>
Build target 'Bai5-ADCTemperatureSensor'
compiling main.c...
linking...
Program Size: Code=10312 RO-data=292 RW-data=28 ZI-data=1092  
FromELF: creating hex file...
"Bai5-ADCTemperatureSensor\Bai5-ADCTemperatureSensor.axf" - 0 Error(s), 0 Warning(s).

<h2>Software Packages used:</h2>

Package Vendor: ARM
                http://www.keil.com/pack/ARM.CMSIS.4.1.0.pack
                ARM::CMSIS:CORE:3.30.0
                CMSIS (Cortex Microcontroller Software Interface Standard)
   * Component: CORE Version: 3.30.0

<h2>Collection of Component include folders:</h2>
  C:\Users\hanh\Documents\ARM_Topedu_class\201707-Teach-STM32F1\Bai5-ADCTemperatureSensor\MDK-ARM\RTE
  C:\Keil_v5\ARM\PACK\ARM\CMSIS\4.1.0\CMSIS\Include
  C:\Keil_v5\ARM\PACK\Keil\STM32F1xx_DFP\1.1.0\Device\Include

<h2>Collection of Component Files used:</h2>

   * Component: ARM::CMSIS:CORE:3.30.0
      Source file:   CMSIS\UserCodeTemplates\ARM\ITM_Retarget.c
Load "Bai5-ADCTemperatureSensor\\Bai5-ADCTemperatureSensor.axf" 
Erase Done.
Programming Done.
Verify OK.
Application running ...
</pre>
</body>
</html>
\\Bai5-ADCTemperatureSensor.axf" 
Erase Done.
Programming Done.
Verify OK.
Application running ...
\Documents\ARM_Topedu_class\201707-Teach-STM32F1\Bai5-ADCTemperatureSensor\MDK-ARM\RTE
  C:\Keil_v5\ARM\PACK\ARM\CMSIS\4.1.0\CMSIS\Include
  C:\Keil_v5\ARM\PACK\Keil\STM32F1xx_DFP\1.1.0\Device\Include

<h2>Collection of Component Files used:</h2>

   * Component: ARM::CMSIS:CORE:3.30.0
      Source file:   CMSIS\UserCodeTemplates\ARM\ITM_Retarget.c
Load "Bai5-ADCTemperatureSensor\\Bai5-ADCTemperatureSensor.axf" 
Erase Done.
Programming Done.
Verify OK.
